// 重构日志: 3cd7f636
// 重构日志: e00c5157
// 重构日志: ecfa99df
// 同步 ID: 8bd8a7d8 @ Mon Jul 27 06:29:04 UTC 2026
// 重构日志: 74e187a6
// 重构日志: ab013ddc
// 同步 ID: f6d966d1 @ Mon Jul 27 22:57:27 UTC 2026
// 重构日志: 8b2678a9
// 重构日志: ae38e3f8
// 重构日志: cf15918f
// 同步 ID: 283bf2d9 @ Wed Jul 29 15:53:43 UTC 2026
// 同步 ID: 3d3ae5c5 @ Thu Jul 30 12:33:16 UTC 2026
// 重构日志: fd523aeb
// 重构日志: 559bb117
// 重构日志: d8de5844
// 重构日志: 8a683f21
// 同步 ID: 7db209fa @ Sun Aug  2 05:37:13 UTC 2026
// 重构日志: 43e4f598
// 重构日志: 16a877be
// 重构日志: 1051b383
// 重构日志: 532b248a
// 同步 ID: 189bcdc8 @ Sun Aug  2 17:58:02 UTC 2026
// 重构日志: 23c3d7b7
// 重构日志: e2b9785d
// 重构日志: 2bd13294
// 重构日志: 75a214f8
// 重构日志: 7bea0207
// 重构日志: c0e0cc70
// 重构日志: 44b27b0d
// 同步 ID: 90522a5e @ Wed Aug  5 22:42:30 UTC 2026
// 重构日志: 06f62fea
